// Jest Snapshot v1, https://goo.gl/fbAQLP

exports[`Tests for App renders correctly 1`] = `
<Provider>
  <ErrorBoundary>
    <Header />
    <Droppable
      onDragEnd={[Function]}
      onDragStart={[Function]}
      onDrop={[Function]}
    >
      <ImageView />
    </Droppable>
    <Footer />
  </ErrorBoundary>
</Provider>
`;
